// Jest Snapshot v1, https://goo.gl/fbAQLP

exports[`Pruebas en GifItem.test.jsx Debe hacer match con el Snapshot 1`] = `
<div>
  <div
    class="grid place-items-center bg-white text-black font-bold rounded-lg overflow-hidden "
  >
    <img
      alt="Naruto"
      class="w-full h-full"
      src="https://naruto-shippuden/Naruto.jpg"
    />
    <p
      class="bg-white text-sm m-1 font-bold p-1"
    >
      Naruto
    </p>
  </div>
</div>
`;
